2026-02-21 13:31:37 - EIT_Inference - INFO - Output directory: results\lv2_00
2026-02-21 13:31:37 - EIT_Inference - INFO - Inference method: cnn
2026-02-21 13:31:37 - EIT_Inference - INFO - Checkpoint: results/cnn32_04/best_model.pth
2026-02-21 13:31:37 - EIT_Inference - INFO - Dataset: ktc_full
2026-02-21 13:31:37 - EIT_Inference - INFO - KTC level: 2
2026-02-21 13:31:37 - EIT_Inference - INFO - Measurement format: matrix32
2026-02-21 13:31:37 - EIT_Inference - INFO - Single sample index: None
2026-02-21 13:31:37 - EIT_Inference - INFO - Test-time physics optimization: False
2026-02-21 13:31:37 - EIT_Inference - INFO - Setting up data module...
2026-02-21 13:31:37 - EIT_Inference - INFO - Dataset size: 3
2026-02-21 13:31:37 - EIT_Inference - INFO - Creating cnn method...
2026-02-21 13:31:38 - EIT_Inference - INFO - Loading checkpoint from: results/cnn32_04/best_model.pth
2026-02-21 13:31:38 - EIT_Inference - INFO - Starting inference...
2026-02-21 13:31:38 - EIT_Inference - INFO - Processing: data1.mat -> reconstruction_data1
2026-02-21 13:31:39 - EIT_Inference - INFO - Processing: data2.mat -> reconstruction_data2
2026-02-21 13:31:39 - EIT_Inference - INFO - Processing: data3.mat -> reconstruction_data3
2026-02-21 13:31:40 - EIT_Inference - INFO - Average metrics:
2026-02-21 13:31:40 - EIT_Inference - INFO -   mse: 0.219571
2026-02-21 13:31:40 - EIT_Inference - INFO -   mae: 0.228637
2026-02-21 13:31:40 - EIT_Inference - INFO -   psnr: 8.288409
2026-02-21 13:31:40 - EIT_Inference - INFO -   ssim: 0.394261
2026-02-21 13:31:40 - EIT_Inference - INFO -   relative_error: 1.084239
2026-02-21 13:31:40 - EIT_Inference - INFO - Inference completed! Results saved to: results\lv2_00
