2026-02-20 14:39:59 - EIT_Training - INFO - Training method: cnn
2026-02-20 14:39:59 - EIT_Training - INFO - Config: {'data': {'data_dir': 'data32', 'batch_size': 64, 'num_workers': 4, 'pin_memory': True, 'use_eim': True, 'measurement_format': 'matrix32'}, 'training': {'num_epochs': 200, 'save_every': 20, 'device': 'cuda', 'method_name': 'cnn'}, 'optimizer': {'type': 'adam', 'lr': 0.001, 'weight_decay': 1e-05, 'betas': [0.9, 0.999]}, 'scheduler': {'type': 'reduce_on_plateau', 'mode': 'min', 'factor': 0.5, 'patience': 15}, 'results': {'base_dir': 'results', 'method_name': 'cnn_paper_eim'}, 'model': {'type': 'paper_cnn_eim', 'output_size': 128}, 'method_name': 'cnn'}
2026-02-20 14:39:59 - EIT_Training - INFO - Setting up data module...
2026-02-20 14:39:59 - EIT_Training - INFO - Train dataset size: 40000
2026-02-20 14:39:59 - EIT_Training - INFO - Val dataset size: 5000
2026-02-20 14:39:59 - EIT_Training - INFO - Creating cnn method...
2026-02-20 14:39:59 - EIT_Training - INFO - Creating trainer...
2026-02-20 14:40:01 - EIT_Training - INFO - Resuming from checkpoint: results/cnn32_04/last.pth
2026-02-20 14:40:01 - EIT_Training - INFO - Starting training...
2026-02-20 14:52:54 - EIT_Training - ERROR - Training failed with error: Caught RuntimeError in DataLoader worker process 3.
Original Traceback (most recent call last):
  File "D:\020_Software\M\miniconda\Miniconda3\lib\site-packages\torch\utils\data\_utils\worker.py", line 349, in _worker_loop
    data = fetcher.fetch(index)  # type: ignore[possibly-undefined]
  File "D:\020_Software\M\miniconda\Miniconda3\lib\site-packages\torch\utils\data\_utils\fetch.py", line 55, in fetch
    return self.collate_fn(data)
  File "D:\020_Software\M\miniconda\Miniconda3\lib\site-packages\torch\utils\data\_utils\collate.py", line 398, in default_collate
    return collate(batch, collate_fn_map=default_collate_fn_map)
  File "D:\020_Software\M\miniconda\Miniconda3\lib\site-packages\torch\utils\data\_utils\collate.py", line 211, in collate
    return [
  File "D:\020_Software\M\miniconda\Miniconda3\lib\site-packages\torch\utils\data\_utils\collate.py", line 212, in <listcomp>
    collate(samples, collate_fn_map=collate_fn_map)
  File "D:\020_Software\M\miniconda\Miniconda3\lib\site-packages\torch\utils\data\_utils\collate.py", line 155, in collate
    return collate_fn_map[elem_type](batch, collate_fn_map=collate_fn_map)
  File "D:\020_Software\M\miniconda\Miniconda3\lib\site-packages\torch\utils\data\_utils\collate.py", line 270, in collate_tensor_fn
    storage = elem._typed_storage()._new_shared(numel, device=elem.device)
  File "D:\020_Software\M\miniconda\Miniconda3\lib\site-packages\torch\storage.py", line 1198, in _new_shared
    untyped_storage = torch.UntypedStorage._new_shared(
  File "D:\020_Software\M\miniconda\Miniconda3\lib\site-packages\torch\storage.py", line 410, in _new_shared
    return cls._new_using_filename_cpu(size)
RuntimeError: Couldn't open shared file mapping: <torch_39676_329728912_2215>, error code: <1455>

